
****** Vitis HLS - High-Level Synthesis from C, C++ and OpenCL v2024.1 (64-bit)
  **** SW Build 5069499 on May 21 2024
  **** IP Build 5075265 on Wed May 22 21:45:21 MDT 2024
  **** SharedData Build 5076995 on Wed May 22 18:29:18 MDT 2024
  **** Start of session at: Tue Jun 23 12:46:44 2026
    ** Copyright 1986-2022 Xilinx, Inc. All Rights Reserved.
    ** Copyright 2022-2024 Advanced Micro Devices, Inc. All Rights Reserved.

source /alpha/tools/Xilinx/Vitis_HLS/2024.1/scripts/vitis_hls/hls.tcl -notrace
INFO: [HLS 200-10] For user 'bradely' on host 'lap-inf133' (Linux_x86_64 version 6.8.12) on Tue Jun 23 12:46:45 CEST 2026
INFO: [HLS 200-10] On os Ubuntu 24.04.3 LTS
INFO: [HLS 200-10] In directory '/beta/bradley/HardCilk/hls-processing-elements/mfpga/triangleCountDecoupled/vitis_hls_work_memReader'
WARNING: [HLS 200-2053] The vitis_hls executable is deprecated. Consider using vitis-run --mode hls --tcl
Sourcing Tcl script '../Test/csynth_memReader.tcl'
INFO: [HLS 200-1510] Running: open_project -reset memReader_proj 
INFO: [HLS 200-10] Creating and opening project '/beta/bradley/HardCilk/hls-processing-elements/mfpga/triangleCountDecoupled/vitis_hls_work_memReader/memReader_proj'.
INFO: [HLS 200-1510] Running: set_top memReader 
INFO: [HLS 200-1510] Running: add_files /beta/bradley/HardCilk/hls-processing-elements/mfpga/triangleCountDecoupled/memAccess.cpp 
INFO: [HLS 200-10] Adding design file '/beta/bradley/HardCilk/hls-processing-elements/mfpga/triangleCountDecoupled/memAccess.cpp' to the project
INFO: [HLS 200-1510] Running: add_files /beta/bradley/HardCilk/hls-processing-elements/mfpga/triangleCountDecoupled/memAccess_defs.h 
INFO: [HLS 200-10] Adding design file '/beta/bradley/HardCilk/hls-processing-elements/mfpga/triangleCountDecoupled/memAccess_defs.h' to the project
INFO: [HLS 200-1510] Running: open_solution -reset solution1 -flow_target vitis 
INFO: [HLS 200-10] Creating and opening solution '/beta/bradley/HardCilk/hls-processing-elements/mfpga/triangleCountDecoupled/vitis_hls_work_memReader/memReader_proj/solution1'.
INFO: [HLS 200-10] Cleaning up the solution database.
INFO: [HLS 200-1505] Using flow_target 'vitis'
Resolution: For help on HLS 200-1505 see docs.xilinx.com/access/sources/dita/topic?Doc_Version=2024.1%20English&url=ug1448-hls-guidance&resourceid=200-1505.html
INFO: [HLS 200-435] Setting 'open_solution -flow_target vitis' configuration: config_interface -m_axi_latency=64
INFO: [HLS 200-435] Setting 'open_solution -flow_target vitis' configuration: config_interface -m_axi_alignment_byte_size=64
INFO: [HLS 200-435] Setting 'open_solution -flow_target vitis' configuration: config_interface -m_axi_max_widen_bitwidth=512
INFO: [HLS 200-435] Setting 'open_solution -flow_target vitis' configuration: config_rtl -register_reset_num=3
INFO: [HLS 200-1510] Running: set_part xcu55c-fsvh2892-2L-e 
INFO: [HLS 200-1611] Setting target device to 'xcu55c-fsvh2892-2L-e'
INFO: [HLS 200-1510] Running: create_clock -period 3.3333 -name default 
INFO: [SYN 201-201] Setting up clock 'default' with a period of 3.333ns.
INFO: [HLS 200-1510] Running: config_interface -m_axi_addr64 
INFO: [HLS 200-1510] Running: config_interface -m_axi_num_read_outstanding 32 
INFO: [HLS 200-1510] Running: config_interface -m_axi_num_write_outstanding 32 
INFO: [HLS 200-1510] Running: csynth_design 
INFO: [HLS 200-111] Finished File checks and directory preparation: CPU user time: 0.02 seconds. CPU system time: 0 seconds. Elapsed time: 0.03 seconds; current allocated memory: 269.184 MB.
INFO: [HLS 200-10] Analyzing design file '../memAccess.cpp' ... 
WARNING: [HLS 207-4827] equality comparison with extraneous parentheses (../memAccess.cpp:341:17)
INFO: [HLS 207-4186] remove extraneous parentheses around the comparison to silence this warning (../memAccess.cpp:341:17)
INFO: [HLS 207-4187] use '=' to turn this equality comparison into an assignment (../memAccess.cpp:341:17)
INFO: [HLS 200-111] Finished Source Code Analysis and Preprocessing: CPU user time: 1.26 seconds. CPU system time: 0.23 seconds. Elapsed time: 1.52 seconds; current allocated memory: 272.734 MB.
INFO: [HLS 200-777] Using interface defaults for 'Vitis' flow target.
INFO: [HLS 200-1995] There were 173 instructions in the design after the 'Compile/Link' phase of compilation. See the Design Size Report for more details: /beta/bradley/HardCilk/hls-processing-elements/mfpga/triangleCountDecoupled/vitis_hls_work_memReader/memReader_proj/solution1/syn/report/csynth_design_size.rpt
INFO: [HLS 200-1995] There were 77 instructions in the design after the 'Unroll/Inline (step 1)' phase of compilation. See the Design Size Report for more details: /beta/bradley/HardCilk/hls-processing-elements/mfpga/triangleCountDecoupled/vitis_hls_work_memReader/memReader_proj/solution1/syn/report/csynth_design_size.rpt
INFO: [HLS 200-1995] There were 62 instructions in the design after the 'Unroll/Inline (step 2)' phase of compilation. See the Design Size Report for more details: /beta/bradley/HardCilk/hls-processing-elements/mfpga/triangleCountDecoupled/vitis_hls_work_memReader/memReader_proj/solution1/syn/report/csynth_design_size.rpt
INFO: [HLS 200-1995] There were 63 instructions in the design after the 'Unroll/Inline (step 3)' phase of compilation. See the Design Size Report for more details: /beta/bradley/HardCilk/hls-processing-elements/mfpga/triangleCountDecoupled/vitis_hls_work_memReader/memReader_proj/solution1/syn/report/csynth_design_size.rpt
INFO: [HLS 200-1995] There were 63 instructions in the design after the 'Unroll/Inline (step 4)' phase of compilation. See the Design Size Report for more details: /beta/bradley/HardCilk/hls-processing-elements/mfpga/triangleCountDecoupled/vitis_hls_work_memReader/memReader_proj/solution1/syn/report/csynth_design_size.rpt
INFO: [HLS 200-1995] There were 51 instructions in the design after the 'Array/Struct (step 1)' phase of compilation. See the Design Size Report for more details: /beta/bradley/HardCilk/hls-processing-elements/mfpga/triangleCountDecoupled/vitis_hls_work_memReader/memReader_proj/solution1/syn/report/csynth_design_size.rpt
INFO: [HLS 200-1995] There were 51 instructions in the design after the 'Array/Struct (step 2)' phase of compilation. See the Design Size Report for more details: /beta/bradley/HardCilk/hls-processing-elements/mfpga/triangleCountDecoupled/vitis_hls_work_memReader/memReader_proj/solution1/syn/report/csynth_design_size.rpt
INFO: [HLS 200-1995] There were 53 instructions in the design after the 'Array/Struct (step 3)' phase of compilation. See the Design Size Report for more details: /beta/bradley/HardCilk/hls-processing-elements/mfpga/triangleCountDecoupled/vitis_hls_work_memReader/memReader_proj/solution1/syn/report/csynth_design_size.rpt
INFO: [HLS 200-1995] There were 165 instructions in the design after the 'Array/Struct (step 4)' phase of compilation. See the Design Size Report for more details: /beta/bradley/HardCilk/hls-processing-elements/mfpga/triangleCountDecoupled/vitis_hls_work_memReader/memReader_proj/solution1/syn/report/csynth_design_size.rpt
INFO: [HLS 200-1995] There were 118 instructions in the design after the 'Array/Struct (step 5)' phase of compilation. See the Design Size Report for more details: /beta/bradley/HardCilk/hls-processing-elements/mfpga/triangleCountDecoupled/vitis_hls_work_memReader/memReader_proj/solution1/syn/report/csynth_design_size.rpt
INFO: [HLS 200-1995] There were 118 instructions in the design after the 'Performance (step 1)' phase of compilation. See the Design Size Report for more details: /beta/bradley/HardCilk/hls-processing-elements/mfpga/triangleCountDecoupled/vitis_hls_work_memReader/memReader_proj/solution1/syn/report/csynth_design_size.rpt
INFO: [HLS 200-1995] There were 118 instructions in the design after the 'Performance (step 2)' phase of compilation. See the Design Size Report for more details: /beta/bradley/HardCilk/hls-processing-elements/mfpga/triangleCountDecoupled/vitis_hls_work_memReader/memReader_proj/solution1/syn/report/csynth_design_size.rpt
INFO: [HLS 200-1995] There were 118 instructions in the design after the 'Performance (step 3)' phase of compilation. See the Design Size Report for more details: /beta/bradley/HardCilk/hls-processing-elements/mfpga/triangleCountDecoupled/vitis_hls_work_memReader/memReader_proj/solution1/syn/report/csynth_design_size.rpt
INFO: [HLS 200-1995] There were 118 instructions in the design after the 'Performance (step 4)' phase of compilation. See the Design Size Report for more details: /beta/bradley/HardCilk/hls-processing-elements/mfpga/triangleCountDecoupled/vitis_hls_work_memReader/memReader_proj/solution1/syn/report/csynth_design_size.rpt
INFO: [HLS 200-1995] There were 128 instructions in the design after the 'HW Transforms (step 1)' phase of compilation. See the Design Size Report for more details: /beta/bradley/HardCilk/hls-processing-elements/mfpga/triangleCountDecoupled/vitis_hls_work_memReader/memReader_proj/solution1/syn/report/csynth_design_size.rpt
INFO: [HLS 200-1995] There were 180 instructions in the design after the 'HW Transforms (step 2)' phase of compilation. See the Design Size Report for more details: /beta/bradley/HardCilk/hls-processing-elements/mfpga/triangleCountDecoupled/vitis_hls_work_memReader/memReader_proj/solution1/syn/report/csynth_design_size.rpt
WARNING: [HLS 214-386] A depth specification is required for MAXI interface port 'mem' for cosimulation. (../memAccess.cpp:449:0)
INFO: [HLS 214-241] Aggregating fifo (hls::stream) variable 'writePackages' with compact=bit mode in 256-bits (../memAccess.cpp:458:33)
INFO: [HLS 200-111] Finished Compiling Optimization and Transform: CPU user time: 1.17 seconds. CPU system time: 0.18 seconds. Elapsed time: 6.16 seconds; current allocated memory: 282.059 MB.
INFO: [HLS 200-111] Finished Checking Pragmas: CPU user time: 0 seconds. CPU system time: 0 seconds. Elapsed time: 0 seconds; current allocated memory: 282.059 MB.
INFO: [HLS 200-10] Starting code transformations ...
INFO: [HLS 200-111] Finished Standard Transforms: CPU user time: 0.01 seconds. CPU system time: 0 seconds. Elapsed time: 0.01 seconds; current allocated memory: 282.160 MB.
INFO: [HLS 200-10] Checking synthesizability ...
INFO: [HLS 200-111] Finished Checking Synthesizability: CPU user time: 0 seconds. CPU system time: 0.01 seconds. Elapsed time: 0.01 seconds; current allocated memory: 282.492 MB.
INFO: [XFORM 203-712] Applying dataflow to function 'memReader' (../memAccess.cpp:444:1), detected/extracted 3 process function(s): 
	 'memReaderLoad'
	 'memReaderForwardPackage'
	 'memReaderForwardAllow'.
INFO: [HLS 200-111] Finished Loop, function and other optimizations: CPU user time: 0.03 seconds. CPU system time: 0 seconds. Elapsed time: 0.03 seconds; current allocated memory: 304.656 MB.
WARNING: [XFORM 203-561] 'VITIS_LOOP_393_1' (../memAccess.cpp:393:20) in function 'memReaderLoad' is an infinite loop.
WARNING: [XFORM 203-561] 'VITIS_LOOP_436_1' (../memAccess.cpp:436:20) in function 'memReaderForwardPackage' is an infinite loop.
WARNING: [XFORM 203-561] 'VITIS_LOOP_422_1' (../memAccess.cpp:422:20) in function 'memReaderForwardAllow' is an infinite loop.
INFO: [HLS 200-111] Finished Architecture Synthesis: CPU user time: 0.02 seconds. CPU system time: 0 seconds. Elapsed time: 0.02 seconds; current allocated memory: 324.531 MB.
INFO: [HLS 200-10] Starting hardware synthesis ...
INFO: [HLS 200-10] Synthesizing 'memReader' ...
INFO: [HLS 200-10] ----------------------------------------------------------------
INFO: [HLS 200-42] -- Implementing module 'memReaderLoad' 
INFO: [HLS 200-10] ----------------------------------------------------------------
INFO: [SCHED 204-11] Starting scheduling ...
INFO: [SCHED 204-61] Pipelining loop 'VITIS_LOOP_393_1'.
WARNING: [HLS 200-1842] Cannot implement Loop 'VITIS_LOOP_393_1' as Flushable Pipeline because has more than one exit branch. Changing pipeline style specification to 'style=stp'.
INFO: [HLS 200-1470] Pipelining result : Target II = 1, Final II = 1, Depth = 74, loop 'VITIS_LOOP_393_1'
INFO: [SCHED 204-11] Finished scheduling.
INFO: [HLS 200-111] Finished Scheduling: CPU user time: 0.01 seconds. CPU system time: 0.01 seconds. Elapsed time: 0.03 seconds; current allocated memory: 325.152 MB.
INFO: [BIND 205-100] Starting micro-architecture generation ...
INFO: [BIND 205-101] Performing variable lifetime analysis.
INFO: [BIND 205-101] Exploring resource sharing.
INFO: [BIND 205-101] Binding ...
INFO: [BIND 205-100] Finished micro-architecture generation.
INFO: [HLS 200-111] Finished Binding: CPU user time: 0.01 seconds. CPU system time: 0 seconds. Elapsed time: 0.01 seconds; current allocated memory: 325.152 MB.
INFO: [HLS 200-10] ----------------------------------------------------------------
INFO: [HLS 200-42] -- Implementing module 'memReaderForwardPackage' 
INFO: [HLS 200-10] ----------------------------------------------------------------
INFO: [SCHED 204-11] Starting scheduling ...
INFO: [SCHED 204-61] Pipelining loop 'VITIS_LOOP_436_1'.
WARNING: [HLS 200-1842] Cannot implement Loop 'VITIS_LOOP_436_1' as Flushable Pipeline because has more than one exit branch. Changing pipeline style specification to 'style=stp'.
INFO: [HLS 200-1470] Pipelining result : Target II = 1, Final II = 1, Depth = 2, loop 'VITIS_LOOP_436_1'
INFO: [SCHED 204-11] Finished scheduling.
INFO: [HLS 200-111] Finished Scheduling: CPU user time: 0.01 seconds. CPU system time: 0 seconds. Elapsed time: 0.01 seconds; current allocated memory: 325.152 MB.
INFO: [BIND 205-100] Starting micro-architecture generation ...
INFO: [BIND 205-101] Performing variable lifetime analysis.
INFO: [BIND 205-101] Exploring resource sharing.
INFO: [BIND 205-101] Binding ...
INFO: [BIND 205-100] Finished micro-architecture generation.
INFO: [HLS 200-111] Finished Binding: CPU user time: 0 seconds. CPU system time: 0 seconds. Elapsed time: 0 seconds; current allocated memory: 325.152 MB.
INFO: [HLS 200-10] ----------------------------------------------------------------
INFO: [HLS 200-42] -- Implementing module 'memReaderForwardAllow' 
INFO: [HLS 200-10] ----------------------------------------------------------------
INFO: [SCHED 204-11] Starting scheduling ...
INFO: [SCHED 204-61] Pipelining loop 'VITIS_LOOP_422_1'.
WARNING: [HLS 200-1842] Cannot implement Loop 'VITIS_LOOP_422_1' as Flushable Pipeline because has more than one exit branch. Changing pipeline style specification to 'style=stp'.
INFO: [HLS 200-1470] Pipelining result : Target II = 1, Final II = 1, Depth = 2, loop 'VITIS_LOOP_422_1'
INFO: [SCHED 204-11] Finished scheduling.
INFO: [HLS 200-111] Finished Scheduling: CPU user time: 0.01 seconds. CPU system time: 0 seconds. Elapsed time: 0.01 seconds; current allocated memory: 325.152 MB.
INFO: [BIND 205-100] Starting micro-architecture generation ...
INFO: [BIND 205-101] Performing variable lifetime analysis.
INFO: [BIND 205-101] Exploring resource sharing.
INFO: [BIND 205-101] Binding ...
INFO: [BIND 205-100] Finished micro-architecture generation.
INFO: [HLS 200-111] Finished Binding: CPU user time: 0 seconds. CPU system time: 0 seconds. Elapsed time: 0 seconds; current allocated memory: 325.152 MB.
INFO: [HLS 200-10] ----------------------------------------------------------------
INFO: [HLS 200-42] -- Implementing module 'memReader' 
INFO: [HLS 200-10] ----------------------------------------------------------------
INFO: [SCHED 204-11] Starting scheduling ...
INFO: [SCHED 204-11] Finished scheduling.
WARNING: [HLS 200-1020] Increasing the depth of FIFO start_for_memReaderForwardAllow_U0 (from memReaderLoad_U0 to memReaderForwardAllow_U0) to 3 to improve performance and/or avoid deadlocks.
INFO: [HLS 200-111] Finished Scheduling: CPU user time: 0.01 seconds. CPU system time: 0 seconds. Elapsed time: 0.01 seconds; current allocated memory: 325.152 MB.
INFO: [BIND 205-100] Starting micro-architecture generation ...
INFO: [BIND 205-101] Performing variable lifetime analysis.
INFO: [BIND 205-101] Exploring resource sharing.
INFO: [BIND 205-101] Binding ...
INFO: [BIND 205-100] Finished micro-architecture generation.
INFO: [HLS 200-111] Finished Binding: CPU user time: 0 seconds. CPU system time: 0 seconds. Elapsed time: 0 seconds; current allocated memory: 325.152 MB.
INFO: [HLS 200-10] ----------------------------------------------------------------
INFO: [HLS 200-10] -- Generating RTL for module 'memReaderLoad' 
INFO: [HLS 200-10] ----------------------------------------------------------------
INFO: [RTGEN 206-100] Finished creating RTL model for 'memReaderLoad'.
INFO: [HLS 200-111] Finished Creating RTL model: CPU user time: 0.01 seconds. CPU system time: 0 seconds. Elapsed time: 0.01 seconds; current allocated memory: 325.152 MB.
INFO: [HLS 200-10] ----------------------------------------------------------------
INFO: [HLS 200-10] -- Generating RTL for module 'memReaderForwardPackage' 
INFO: [HLS 200-10] ----------------------------------------------------------------
INFO: [RTGEN 206-100] Finished creating RTL model for 'memReaderForwardPackage'.
INFO: [HLS 200-111] Finished Creating RTL model: CPU user time: 0.03 seconds. CPU system time: 0 seconds. Elapsed time: 0.03 seconds; current allocated memory: 326.527 MB.
INFO: [HLS 200-10] ----------------------------------------------------------------
INFO: [HLS 200-10] -- Generating RTL for module 'memReaderForwardAllow' 
INFO: [HLS 200-10] ----------------------------------------------------------------
INFO: [RTGEN 206-100] Finished creating RTL model for 'memReaderForwardAllow'.
INFO: [HLS 200-111] Finished Creating RTL model: CPU user time: 0.01 seconds. CPU system time: 0 seconds. Elapsed time: 0.01 seconds; current allocated memory: 327.145 MB.
INFO: [HLS 200-10] ----------------------------------------------------------------
INFO: [HLS 200-10] -- Generating RTL for module 'memReader' 
INFO: [HLS 200-10] ----------------------------------------------------------------
WARNING: [RTGEN 206-101] Design contains AXI ports. Reset is fixed to synchronous and active low.
INFO: [RTGEN 206-500] Setting interface mode on port 'memReader/gmem' to 'm_axi'.
INFO: [RTGEN 206-500] Setting interface mode on port 'memReader/mem' to 's_axilite & ap_none'.
INFO: [RTGEN 206-500] Setting interface mode on port 'memReader/taskIn' to 'axis' (register, both mode).
INFO: [RTGEN 206-500] Setting interface mode on port 'memReader/argOut' to 'axis' (register, both mode).
INFO: [RTGEN 206-500] Setting interface mode on port 'memReader/argDataOut' to 'axis' (register, both mode).
INFO: [RTGEN 206-500] Setting interface mode on function 'memReader' to 'ap_ctrl_none'.
INFO: [RTGEN 206-100] Bundling port 'mem' to AXI-Lite port control.
INFO: [HLS 200-633] Setting ap_ctrl_none interface for memReader
INFO: [RTGEN 206-100] Finished creating RTL model for 'memReader'.
INFO: [RTMG 210-285] Implementing FIFO 'allowTokens_U(memReader_fifo_w64_d16_S)' using Shift Registers.
INFO: [RTMG 210-285] Implementing FIFO 'writePackages_U(memReader_fifo_w256_d16_A)' using Vivado Default RAMs.
INFO: [RTMG 210-285] Implementing FIFO 'pkgDone_U(memReader_fifo_w1_d16_S)' using Shift Registers.
INFO: [RTMG 210-285] Implementing FIFO 'start_for_memReaderForwardPackage_U0_U(memReader_start_for_memReaderForwardPackage_U0)' using Shift Registers.
INFO: [RTMG 210-285] Implementing FIFO 'start_for_memReaderForwardAllow_U0_U(memReader_start_for_memReaderForwardAllow_U0)' using Shift Registers.
INFO: [HLS 200-111] Finished Creating RTL model: CPU user time: 0.02 seconds. CPU system time: 0 seconds. Elapsed time: 0.03 seconds; current allocated memory: 328.719 MB.
INFO: [HLS 200-111] Finished Generating all RTL models: CPU user time: 0.07 seconds. CPU system time: 0.01 seconds. Elapsed time: 0.09 seconds; current allocated memory: 331.578 MB.
INFO: [HLS 200-111] Finished Updating report files: CPU user time: 0.23 seconds. CPU system time: 0 seconds. Elapsed time: 0.23 seconds; current allocated memory: 337.246 MB.
INFO: [VHDL 208-304] Generating VHDL RTL for memReader.
INFO: [VLOG 209-307] Generating Verilog RTL for memReader.
INFO: [HLS 200-790] **** Loop Constraint Status: All loop constraints were satisfied.
INFO: [HLS 200-789] **** Estimated Fmax: 411.00 MHz
INFO: [HLS 200-2161] Finished Command csynth_design Elapsed time: 00:00:08; Allocated memory: 68.113 MB.
INFO: [HLS 200-1510] Running: close_project 
INFO: [HLS 200-112] Total CPU user time: 4.12 seconds. Total CPU system time: 0.55 seconds. Total elapsed time: 9.5 seconds; peak allocated memory: 337.297 MB.
